---
source: src/commander/files.rs
expression: "test_repo.commander.get_file_diff(&head, &file, &DiffFormat::ColorWords)?"
---
Some(
    "Modified regular file README:\n   1    1: AAABBB\n",
)
