---
source: src/commander/branches.rs
expression: branch_show
---
"Commit ID: [COMMIT_ID]\nChange ID: [Change ID]\nBranches: test test@git\nAuthor: lazyjj <lazyjj@example.com> (([DATE_TIME]))\nCommitter: lazyjj <lazyjj@example.com> (([DATE_TIME]))\n\n    (no description set)\n"
